[book.famicom.party/index.html]
[backblue.gif]
[fade.gif]
[index.html]
[book.famicom.party/css/style.css]
[book.famicom.party/css/prism.css]
[external.html]
[book.famicom.party/img/famicomparty.png]
[book.famicom.party/chapters/00-introduction.html]
[book.famicom.party/chapters/01-briefhistory.html]
[book.famicom.party/chapters/02-fundamentalconcepts.html]
[book.famicom.party/chapters/03-gettingstarted.html]
[book.famicom.party/chapters/04-hardwareoverview.html]
[book.famicom.party/chapters/05-6502assembly.html]
[book.famicom.party/chapters/06-headersinterruptvectors.html]
[book.famicom.party/chapters/07-whydothis.html]
[book.famicom.party/chapters/08-refactoring.html]
[book.famicom.party/chapters/09-theppu.html]
[book.famicom.party/index.html]
[book.famicom.party/js/prism.js]
[book.famicom.party/img/NES-Console-Set.jpg]
[book.famicom.party/img/Dragon_Warrior-box.jpg]
[book.famicom.party/img/i-am-error.jpg]
[book.famicom.party/chapters/00-introduction.html]
[book.famicom.party/img/Radar_scope_arcadeflyer.png]
[book.famicom.party/img/Radar-scope-gameplay.png]
[book.famicom.party/img/shigeru-miyamoto.jpg]
[book.famicom.party/img/Donkey_Kong_Gameplay.png]
[book.famicom.party/img/Z80.png]
[book.famicom.party/img/MOS6502.jpg]
[book.famicom.party/img/Famicom-Console-Set.jpg]
[book.famicom.party/img/rob.png]
[book.famicom.party/img/10NES.jpg]
[book.famicom.party/chapters/01-briefhistory.html]
[book.famicom.party/img/turtlegraphics.jpg]
[book.famicom.party/chapters/02-fundamentalconcepts.html]
[book.famicom.party/img/nintaco.png]
[book.famicom.party/img/nesst.png]
[book.famicom.party/img/famitracker.jpg]
[book.famicom.party/js/jsnes.min.js]
[book.famicom.party/js/jsnes_helpers.js]
[book.famicom.party/chapters/03-gettingstarted.html]
[book.famicom.party/img/NES-Mk1-Motherboard-Top.jpg]
[book.famicom.party/img/2a03.jpg]
[book.famicom.party/img/2c02.jpg]
[book.famicom.party/img/Tetris-Cartridge-Board.jpg]
[book.famicom.party/img/cartridge-in-console.jpg]
[book.famicom.party/img/NES_color_palette.png]
[book.famicom.party/img/SMB_palettes.png]
[book.famicom.party/img/NES_color_palette_with_numbers.png]
[book.famicom.party/chapters/04-hardwareoverview.html]
[book.famicom.party/chapters/05-6502assembly.html]
[book.famicom.party/chapters/06-headersinterruptvectors.html]
[book.famicom.party/chapters/07-whydothis.html]
[book.famicom.party/projects/08-refactoring.zip]
[book.famicom.party/chapters/08-refactoring.html]
[book.famicom.party/img/tile-example.png]
[book.famicom.party/img/mario-sprite-table.png]
[book.famicom.party/img/mario-bg-table.png]
[book.famicom.party/img/megaman2-flicker.mp4]
[book.famicom.party/img/overlapping-sprites.png]
[book.famicom.party/img/nametables.png]
[book.famicom.party/img/balloonfight-cartridge.jpg]
[book.famicom.party/img/attribute-table.png]
[book.famicom.party/img/question-block.png]
[book.famicom.party/img/snake-rattle-roll.jpg]
[book.famicom.party/chapters/09-theppu.html]
[book.famicom.party/js/prism.js]
[book.famicom.party/img/NES-Console-Set.jpg]
[book.famicom.party/img/Dragon_Warrior-box.jpg]
[book.famicom.party/img/i-am-error.jpg]
[book.famicom.party/img/Radar_scope_arcadeflyer.png]
[book.famicom.party/img/shigeru-miyamoto.jpg]
[book.famicom.party/img/Z80.png]
[book.famicom.party/img/Famicom-Console-Set.jpg]
[book.famicom.party/img/rob.png]
[book.famicom.party/img/turtlegraphics.jpg]
[book.famicom.party/img/nesst.png]
[book.famicom.party/img/famitracker.jpg]
[book.famicom.party/js/jsnes.min.js]
[book.famicom.party/js/jsnes_helpers.js]
[book.famicom.party/img/NES-Mk1-Motherboard-Top.jpg]
[book.famicom.party/img/2a03.jpg]
[book.famicom.party/css/et-book-roman-old-style-figures/et-book-roman-old-style-figures.woff]
[book.famicom.party/css/et-book-display-italic-old-style-figures/et-book-display-italic-old-style-figures.woff]
[book.famicom.party/img/2c02.jpg]
[book.famicom.party/img/Tetris-Cartridge-Board.jpg]
[book.famicom.party/img/cartridge-in-console.jpg]
[book.famicom.party/img/NES_color_palette_with_numbers.png]
[book.famicom.party/img/tile-example.png]
[book.famicom.party/css/et-book-semi-bold-old-style-figures/et-book-semi-bold-old-style-figures.woff]
[book.famicom.party/css/style.css]
[book.famicom.party/img/mario-sprite-table.png]
[book.famicom.party/img/mario-bg-table.png]
[book.famicom.party/img/overlapping-sprites.png]
[book.famicom.party/img/balloonfight-cartridge.jpg]
[book.famicom.party/img/attribute-table.png]
[book.famicom.party/css/et-book-roman-old-style-figures/et-book-roman-old-style-figures.woff]
[book.famicom.party/img/megaman2-flicker.mp4]
[book.famicom.party/css/prism.css]
[book.famicom.party/css/et-book-display-italic-old-style-figures/et-book-display-italic-old-style-figures.woff]
[book.famicom.party/css/et-book-semi-bold-old-style-figures/et-book-semi-bold-old-style-figures.woff]
[book.famicom.party/css/3270Medium.woff]
