[gb-archive.github.io/salvage/tutorial_de_ensamblador/tutorial_de_ensamblador [La decadence].html]
[backblue.gif]
[fade.gif]
[index.html]
[wiki.ladecadence.net/lib/exe/opensearch.php]
[wiki.ladecadence.net/doku208b.html]
[wiki.ladecadence.net/feed.php]
[wiki.ladecadence.net/feed8be0.php]
[wiki.ladecadence.net/doku957f.html]
[wiki.ladecadence.net/tutorial_de_ensamblador7a3f.txt]
[wiki.ladecadence.net/doku7d36.html]
[gb-archive.github.io/salvage/tutorial_de_ensamblador/tutorial_de_ensamblador [La decadence]_files/css_002.css]
[gb-archive.github.io/salvage/tutorial_de_ensamblador/tutorial_de_ensamblador [La decadence]_files/css_003.css]
[gb-archive.github.io/salvage/tutorial_de_ensamblador/tutorial_de_ensamblador [La decadence]_files/css.css]
[gb-archive.github.io/salvage/tutorial_de_ensamblador/tutorial_de_ensamblador [La decadence]_files/js.php]
[wiki.ladecadence.net/lib/tpl/default/images/favicon.ico]
[external.html]
[gb-archive.github.io/salvage/tutorial_de_ensamblador/tutorial_de_ensamblador [La decadence]_files/icon_wink.gif]
[wiki.ladecadence.net/lib/exe/detail01ad.html]
[gb-archive.github.io/salvage/tutorial_de_ensamblador/tutorial_de_ensamblador [La decadence]_files/fetch_003.png]
[gb-archive.github.io/salvage/tutorial_de_ensamblador/tutorial_de_ensamblador [La decadence]_files/icon_smile.gif]
[wiki.ladecadence.net/lib/exe/detail656b.html]
[gb-archive.github.io/salvage/tutorial_de_ensamblador/tutorial_de_ensamblador [La decadence]_files/fetch_004.png]
[wiki.ladecadence.net/lib/exe/detail2901.html]
[gb-archive.github.io/salvage/tutorial_de_ensamblador/tutorial_de_ensamblador [La decadence]_files/fetch.png]
[wiki.ladecadence.net/lib/exe/detailb602.html]
[gb-archive.github.io/salvage/tutorial_de_ensamblador/tutorial_de_ensamblador [La decadence]_files/fetch_007.png]
[wiki.ladecadence.net/lib/exe/detail79fd.html]
[gb-archive.github.io/salvage/tutorial_de_ensamblador/tutorial_de_ensamblador [La decadence]_files/fetch_005.png]
[wiki.ladecadence.net/lib/exe/detail1a24.html]
[gb-archive.github.io/salvage/tutorial_de_ensamblador/tutorial_de_ensamblador [La decadence]_files/fetch_002.png]
[wiki.ladecadence.net/lib/exe/detail6157.html]
[gb-archive.github.io/salvage/tutorial_de_ensamblador/tutorial_de_ensamblador [La decadence]_files/fetch_008.png]
[wiki.ladecadence.net/lib/exe/detailf6bf.html]
[gb-archive.github.io/salvage/tutorial_de_ensamblador/tutorial_de_ensamblador [La decadence]_files/fetch.gif]
[wiki.ladecadence.net/lib/exe/detailba4a.html]
[gb-archive.github.io/salvage/tutorial_de_ensamblador/tutorial_de_ensamblador [La decadence]_files/fetch_006.png]
[gb-archive.github.io/salvage/tutorial_de_ensamblador/tutorial_de_ensamblador [La decadence]_files/button-rss.png]
[gb-archive.github.io/salvage/tutorial_de_ensamblador/tutorial_de_ensamblador [La decadence]_files/cc-by-nc-sa.png]
[gb-archive.github.io/salvage/tutorial_de_ensamblador/tutorial_de_ensamblador [La decadence]_files/button-donate.gif]
[gb-archive.github.io/salvage/tutorial_de_ensamblador/tutorial_de_ensamblador [La decadence]_files/button-php.gif]
[gb-archive.github.io/salvage/tutorial_de_ensamblador/tutorial_de_ensamblador [La decadence]_files/button-xhtml.png]
[gb-archive.github.io/salvage/tutorial_de_ensamblador/tutorial_de_ensamblador [La decadence]_files/button-css.png]
[gb-archive.github.io/salvage/tutorial_de_ensamblador/tutorial_de_ensamblador [La decadence]_files/button-dw.png]
[gb-archive.github.io/salvage/tutorial_de_ensamblador/tutorial_de_ensamblador [La decadence]_files/indexer.gif]
[gb-archive.github.io/salvage/tutorial_de_ensamblador/tutorial_de_ensamblador [La decadence].html]
[wiki.ladecadence.net/index.html]
[external.gif]
[wiki.ladecadence.net/doku208b.html]
[wiki.ladecadence.net/lib/exe/css1a12.css]
[wiki.ladecadence.net/lib/images/smileys/icon_wink.gif]
[wiki.ladecadence.net/lib/exe/bgb00001bae1.png_;]
[wiki.ladecadence.net/lib/images/smileys/icon_smile.gif]
[wiki.ladecadence.net/lib/exe/bgb00002dcf0.png_;]
[wiki.ladecadence.net/lib/exe/bgb00003a830.png_;]
[wiki.ladecadence.net/lib/exe/bgb00004b4cf.png_;]
[wiki.ladecadence.net/lib/exe/bgb00005fbd2.png_;]
[wiki.ladecadence.net/lib/exe/cronometro3632.png_;]
[wiki.ladecadence.net/lib/exe/bancos3230.png_;]
[wiki.ladecadence.net/lib/exe/pwm-duty_cycle2d452.gif_;]
[wiki.ladecadence.net/lib/exe/500px-adsr_envelope_graph.svgd797.png_;]
[wiki.ladecadence.net/lib/exe/holacolor-1f4f6.png_;]
[wiki.ladecadence.net/lib/exe/holacolor-00cb7.png_;]
[wiki.ladecadence.net/doku957f.html]
[wiki.ladecadence.net/lib/exe/jquery5543.php]
[wiki.ladecadence.net/lib/exe/js1a12.php]
[wiki.ladecadence.net/lib/tpl/dokuwiki/images/favicon.ico]
[wiki.ladecadence.net/lib/tpl/dokuwiki/images/apple-touch-icon.png]
[wiki.ladecadence.net/dokud459.html]
[wiki.ladecadence.net/lib/tpl/dokuwiki/images/logo.png]
[wiki.ladecadence.net/doku8cbc.html]
[wiki.ladecadence.net/doku10e2.html]
[wiki.ladecadence.net/dokuf53e.html]
[wiki.ladecadence.net/lib/exe/assemble40c8.bat_;]
[wiki.ladecadence.net/lib/exe/assemble8d22.sh_;]
[wiki.ladecadence.net/lib/exe/gbhwfc6a.inc_;]
[wiki.ladecadence.net/lib/exe/agb2b43.vim_;]
[wiki.ladecadence.net/lib/exe/agb0e65.lang_;]
[wiki.ladecadence.net/holamundocf8b.asm]
[wiki.ladecadence.net/holamundo2ed5c.asm]
[wiki.ladecadence.net/holasprite82a8.asm]
[wiki.ladecadence.net/holajoypade60c.asm]
[wiki.ladecadence.net/holaventana2c8b.asm]
[wiki.ladecadence.net/mario_spritesf532.z80]
[wiki.ladecadence.net/mapa_mariof95f.z80]
[wiki.ladecadence.net/ventana143b.z80]
[wiki.ladecadence.net/lib/exe/hola-ventana5723.gb_;]
[wiki.ladecadence.net/holatimer77dd.asm]
[wiki.ladecadence.net/lib/exe/hola-timer3808.gb_;]
[wiki.ladecadence.net/holabancosb934.asm]
[wiki.ladecadence.net/lib/exe/fuente1d05f.agb_;]
[wiki.ladecadence.net/doku7d36.html]
[wiki.ladecadence.net/lib/exe/detail01ad.html]
[wiki.ladecadence.net/lib/exe/detail656b.html]
[wiki.ladecadence.net/lib/exe/detail2901.html]
[wiki.ladecadence.net/lib/exe/detailb602.html]
[wiki.ladecadence.net/lib/exe/detail79fd.html]
[wiki.ladecadence.net/lib/exe/detail1a24.html]
[wiki.ladecadence.net/lib/exe/detail6157.html]
[wiki.ladecadence.net/lib/exe/detailf6bf.html]
[wiki.ladecadence.net/lib/exe/detailba4a.html]
[wiki.ladecadence.net/lib/exe/css1a12.css]
[wiki.ladecadence.net/dokud459.html]
[wiki.ladecadence.net/doku8cbc.html]
[wiki.ladecadence.net/doku10e2.html]
[wiki.ladecadence.net/dokuf53e.html]
[gb-archive.github.io/salvage/tutorial_de_ensamblador/tutorial_de_ensamblador [La decadence]_files/css_002.css]
[gb-archive.github.io/salvage/tutorial_de_ensamblador/tutorial_de_ensamblador [La decadence]_files/css_003.css]
[gb-archive.github.io/salvage/tutorial_de_ensamblador/tutorial_de_ensamblador [La decadence]_files/css.css]
[wiki.ladecadence.net/lib/exe/detail656b.html]
[wiki.ladecadence.net/lib/exe/js1a12.php]
