[backblue.gif]
[fade.gif]
[index.html]
[fms.komkon.org/GameBoy/background.gif]
[external.html]
[fms.komkon.org/GameBoy/GreenScreen11.txt]
[fms.komkon.org/GameBoy/GreenScreen12.1.txt]
[fms.komkon.org/GameBoy/GreenScreen12.2.txt]
[fms.komkon.org/GameBoy/GreenScreen12.3.txt]
[fms.komkon.org/GameBoy/index.html]
[fms.komkon.org/GameBoy/General.html]
[fms.komkon.org/GameBoy/Tech/title.gif]
[fms.komkon.org/GameBoy/Tech/index.html]
[fms.komkon.org/GameBoy/Games/title.gif]
[fms.komkon.org/GameBoy/Games/GBB.gif]
[fms.komkon.org/GameBoy/Games/GBA.gif]
[fms.komkon.org/GameBoy/Games/GBU.gif]
[fms.komkon.org/GameBoy/Games/GBD.gif]
[fms.komkon.org/GameBoy/Games/GBL.gif]
[fms.komkon.org/GameBoy/Games/GBR.gif]
[fms.komkon.org/GameBoy/Games/GBStart.gif]
[fms.komkon.org/GameBoy/Games/Klax.gif]
[fms.komkon.org/GameBoy/Games/MegaMan.gif]
[fms.komkon.org/GameBoy/Games/GBSelect.gif]
[fms.komkon.org/GameBoy/Games/index.html]
[fms.komkon.org/GameBoy/Games/Genie.html]
[fms.komkon.org/graphics/Ad3.gif]
[fms.komkon.org/GameBoy/title.gif]
[fms.komkon.org/icons/text.html]
[fms.komkon.org/icons/binary.html]
[fms.komkon.org/icons/folder.html]
