[eldred.fr/gb-asm-tutorial/index.html]
[backblue.gif]
[fade.gif]
[index.html]
[eldred.fr/gb-asm-tutorial/img/favicon.ico]
[eldred.fr/gb-asm-tutorial/img/favicon.png]
[external.html]
[eldred.fr/gb-asm-tutorial/introduction.html]
[eldred.fr/gb-asm-tutorial/css/normalize.css]
[eldred.fr/gb-asm-tutorial/css/common.css]
[eldred.fr/gb-asm-tutorial/img/robbi_discord_screenshot.png]
[eldred.fr/gb-asm-tutorial/index-2.html]
[eldred.fr/gb-asm-tutorial/what_is_gb.html]
[eldred.fr/gb-asm-tutorial/concepts.html]
[eldred.fr/gb-asm-tutorial/tools.html]
[eldred.fr/gb-asm-tutorial/basics.html]
[eldred.fr/gb-asm-tutorial/syntax.html]
[eldred.fr/gb-asm-tutorial/registers.html]
[eldred.fr/gb-asm-tutorial/memory.html]
[eldred.fr/gb-asm-tutorial/flags.html]
[eldred.fr/gb-asm-tutorial/arithmetics.html]
[eldred.fr/gb-asm-tutorial/interlude.html]
[eldred.fr/gb-asm-tutorial/jumping.html]
[eldred.fr/gb-asm-tutorial/displaying.html]
[eldred.fr/gb-asm-tutorial/hello-world.html]
[eldred.fr/gb-asm-tutorial/intermediate.html]
[eldred.fr/gb-asm-tutorial/memories.html]
[eldred.fr/gb-asm-tutorial/stack.html]
[eldred.fr/gb-asm-tutorial/calling.html]
[eldred.fr/gb-asm-tutorial/extras.html]
[eldred.fr/gb-asm-tutorial/resources.html]
[eldred.fr/gb-asm-tutorial/instructions.html]
[eldred.fr/gb-asm-tutorial/data_manip.html]
[eldred.fr/gb-asm-tutorial/index.html]
[eldred.fr/gb-asm-tutorial/introduction.html]
[eldred.fr/gb-asm-tutorial/index-2.html]
[eldred.fr/gb-asm-tutorial/what_is_gb.html]
[eldred.fr/gb-asm-tutorial/concepts.html]
[eldred.fr/gb-asm-tutorial/tools.html]
[eldred.fr/gb-asm-tutorial/basics.html]
[eldred.fr/gb-asm-tutorial/syntax.html]
[eldred.fr/gb-asm-tutorial/registers.html]
[eldred.fr/gb-asm-tutorial/memory.html]
[eldred.fr/gb-asm-tutorial/flags.html]
[eldred.fr/gb-asm-tutorial/arithmetics.html]
[eldred.fr/gb-asm-tutorial/interlude.html]
[eldred.fr/gb-asm-tutorial/jumping.html]
[eldred.fr/gb-asm-tutorial/img/cloud_tiles.png]
[eldred.fr/gb-asm-tutorial/img/cloud_tilemap.png]
[eldred.fr/gb-asm-tutorial/displaying.html]
[eldred.fr/gb-asm-tutorial/res/font.chr]
[eldred.fr/gb-asm-tutorial/img/hello-world.png]
[eldred.fr/gb-asm-tutorial/hello-world.html]
[eldred.fr/gb-asm-tutorial/intermediate.html]
[eldred.fr/gb-asm-tutorial/memories.html]
[eldred.fr/gb-asm-tutorial/stack.html]
[eldred.fr/gb-asm-tutorial/calling.html]
[eldred.fr/gb-asm-tutorial/extras.html]
[eldred.fr/gb-asm-tutorial/resources.html]
[eldred.fr/gb-asm-tutorial/instructions.html]
[eldred.fr/gb-asm-tutorial/data_manip.html]
[eldred.fr/gb-asm-tutorial/css/normalize.css]
[eldred.fr/gb-asm-tutorial/css/common.css]
[eldred.fr/gb-asm-tutorial/index-2.html]
