[www.chibiakumas.com/6502/index.html]
[backblue.gif]
[fade.gif]
[index.html]
[www.chibiakumas.com/6502/darkmode.css]
[external.html]
[www.chibiakumas.com/6502/theme/Sakuyax.png]
[www.chibiakumas.com/6502/theme/Videox.png]
[www.chibiakumas.com/6502/res/6502.jpg]
[www.chibiakumas.com/6502/res/695px-Sitronix_ST2064B_silicon_die.jpg]
[www.chibiakumas.com/6502/theme/Cheatsheet.png]
[www.chibiakumas.com/6502/theme/Yume128.png]
[www.chibiakumas.com/68000/theme/bochanL.png]
[www.chibiakumas.com/6502/theme/chibiko.png]
[www.chibiakumas.com/68000/theme/yume.png]
[www.chibiakumas.com/6502/theme/yumi2.png]
[www.chibiakumas.com/6502/theme/sakuya.png]
[www.chibiakumas.com/6502/theme/DevTools.png]
[www.chibiakumas.com/6502/theme/File.png]
[www.chibiakumas.com/6502/theme/forums.png]
[www.chibiakumas.com/6502/res/Lesson1_1_.png]
[www.chibiakumas.com/6502/res/Lesson1_2_.png]
[www.chibiakumas.com/6502/theme/bochanL.png]
[www.chibiakumas.com/6502/res/Lesson1_3.png]
[www.chibiakumas.com/6502/res/Lesson1_4.png]
[www.chibiakumas.com/6502/res/Lesson1_6.png]
[www.chibiakumas.com/6502/res/Lesson1_5_.png]
[www.chibiakumas.com/6502/res/Lesson1_7.png]
[www.chibiakumas.com/6502/res/Lesson1_8.png]
[www.chibiakumas.com/6502/res/Lesson1_9.png]
[www.chibiakumas.com/6502/res/Lesson1_10.png]
[www.chibiakumas.com/6502/res/Lesson1_11.png]
[www.chibiakumas.com/6502/theme/yume.png]
[www.chibiakumas.com/6502/res/Lesson2_1_.png]
[www.chibiakumas.com/6502/res/Lesson2_2_.png]
[www.chibiakumas.com/6502/res/Lesson2_3_.png]
[www.chibiakumas.com/6502/res/Lesson2_4.png]
[www.chibiakumas.com/6502/res/Lesson2_5.png]
[www.chibiakumas.com/6502/res/Lesson2_6_.png]
[www.chibiakumas.com/6502/res/Lesson2_7.png]
[www.chibiakumas.com/6502/res/Lesson2_8.png]
[www.chibiakumas.com/6502/res/Lesson2_9.png]
[www.chibiakumas.com/6502/res/Lesson2_10.png]
[www.chibiakumas.com/6502/res/Lesson2_11.png]
[www.chibiakumas.com/6502/res/Lesson2_12.png]
[www.chibiakumas.com/6502/res/Lesson2_13.png]
[www.chibiakumas.com/6502/res/Lesson2_14.png]
[www.chibiakumas.com/6502/res/Lesson2_15.png]
[www.chibiakumas.com/6502/res/Lesson2_16.png]
[www.chibiakumas.com/6502/res/Lesson2_17.png]
[www.chibiakumas.com/6502/res/Lesson2_18_.png]
[www.chibiakumas.com/6502/res/Lesson2_19.png]
[www.chibiakumas.com/6502/res/Lesson2_20.png]
[www.chibiakumas.com/6502/res/Lesson2_21.png]
[www.chibiakumas.com/6502/res/Lesson2_22.png]
[www.chibiakumas.com/6502/res/Lesson2_23.png]
[www.chibiakumas.com/6502/res/Lesson2_24.png]
[www.chibiakumas.com/6502/res/Lesson2_25.png]
[www.chibiakumas.com/6502/res/Lesson2_26_.png]
[www.chibiakumas.com/6502/res/Lesson2_27.png]
[www.chibiakumas.com/6502/res/Lesson2_28.png]
[www.chibiakumas.com/6502/res/Lesson2_29_.png]
[www.chibiakumas.com/6502/res/Lesson2_30.png]
[www.chibiakumas.com/6502/res/Lesson2_31.png]
[www.chibiakumas.com/6502/res/Lesson2_32_.png]
[www.chibiakumas.com/6502/res/Lesson2_33.png]
[www.chibiakumas.com/6502/res/Lesson2_34.png]
[www.chibiakumas.com/6502/res/Lesson2_35.png]
[www.chibiakumas.com/6502/res/Lesson2_36.png]
[www.chibiakumas.com/6502/res/Lesson2_37.png]
[www.chibiakumas.com/6502/res/Lesson3_1.png]
[www.chibiakumas.com/6502/res/Lesson3_2.png]
[www.chibiakumas.com/6502/res/Lesson3_6.png]
[www.chibiakumas.com/6502/res/Lesson3_3.png]
[www.chibiakumas.com/6502/res/Lesson3_4.png]
[www.chibiakumas.com/6502/res/Lesson3_5.png]
[www.chibiakumas.com/6502/res/Lesson3_7.png]
[www.chibiakumas.com/6502/res/Lesson3_8.png]
[www.chibiakumas.com/6502/res/Lesson3_9.png]
[www.chibiakumas.com/6502/res/Lesson3_10.png]
[www.chibiakumas.com/6502/res/Lesson3_11.png]
[www.chibiakumas.com/6502/res/Lesson3_12.png]
[www.chibiakumas.com/6502/res/Lesson3_13_.png]
[www.chibiakumas.com/6502/res/Lesson3_14.png]
[www.chibiakumas.com/6502/res/Lesson3_15.png]
[www.chibiakumas.com/6502/res/Lesson3_16_.png]
[www.chibiakumas.com/6502/res/Lesson3_17.png]
[www.chibiakumas.com/6502/res/Lesson4_1.png]
[www.chibiakumas.com/6502/res/Lesson4_2.png]
[www.chibiakumas.com/6502/res/Lesson4_3_.png]
[www.chibiakumas.com/6502/res/Lesson4_4.png]
[www.chibiakumas.com/6502/res/Lesson4_5.png]
[www.chibiakumas.com/6502/res/Lesson4_6.png]
[www.chibiakumas.com/6502/res/Lesson4_7_.png]
[www.chibiakumas.com/6502/res/Lesson4_8.png]
[www.chibiakumas.com/6502/res/Lesson4_9_.png]
[www.chibiakumas.com/6502/res/Lesson4_10.png]
[www.chibiakumas.com/6502/res/Lesson4_11.png]
[www.chibiakumas.com/6502/res/Lesson4_19.png]
[www.chibiakumas.com/6502/res/Lesson4_20.png]
[www.chibiakumas.com/6502/res/Lesson4_14.png]
[www.chibiakumas.com/6502/res/Lesson4_15.png]
[www.chibiakumas.com/6502/res/Lesson4_16_.png]
[www.chibiakumas.com/6502/res/Lesson4_17.png]
[www.chibiakumas.com/6502/res/Lesson4_18.png]
[www.chibiakumas.com/6502/res/Lesson4_12_.png]
[www.chibiakumas.com/6502/res/Lesson4_13.png]
[www.chibiakumas.com/Z80/res/Lesson5_5.png]
[www.chibiakumas.com/Z80/res/Lesson5_6.png]
[www.chibiakumas.com/Z80/res/Lesson5_7.png]
[www.chibiakumas.com/Z80/res/Lesson5_8.png]
[www.chibiakumas.com/6502/res/Lesson5_1_.png]
[www.chibiakumas.com/6502/res/Lesson5_2.png]
[www.chibiakumas.com/6502/res/Lesson5_3_.png]
[www.chibiakumas.com/6502/res/Lesson5_4_.png]
[www.chibiakumas.com/6502/res/Lesson5_5_.png]
[www.chibiakumas.com/6502/res/Lesson5_6_.png]
[www.chibiakumas.com/6502/res/Lesson5_7_.png]
[www.chibiakumas.com/6502/res/Lesson5_8_.png]
[www.chibiakumas.com/6502/res/Lesson5_9_.png]
[www.chibiakumas.com/6502/res/Lesson5_10_.png]
[www.chibiakumas.com/6502/res/Lesson5_11_.png]
[www.chibiakumas.com/6502/res/Lesson5_12_.png]
[www.chibiakumas.com/6502/res/Lesson5_15_.png]
[www.chibiakumas.com/6502/res/Lesson5_16_.png]
[www.chibiakumas.com/6502/res/Lesson5_17.png]
[www.chibiakumas.com/6502/res/Lesson5_13_.png]
[www.chibiakumas.com/6502/res/Lesson5_14_.png]
[www.chibiakumas.com/6502/res/Lesson6_1.png]
[www.chibiakumas.com/6502/res/Lesson6_3_.png]
[www.chibiakumas.com/6502/res/Lesson6_4_.png]
[www.chibiakumas.com/6502/res/Lesson6_5_.png]
[www.chibiakumas.com/6502/res/Lesson6_6_.png]
[www.chibiakumas.com/6502/res/Lesson6_7_.png]
[www.chibiakumas.com/6502/res/Lesson6_8_.png]
[www.chibiakumas.com/6502/res/Lesson6_9_.png]
[www.chibiakumas.com/6502/res/Lesson6_10_.png]
[www.chibiakumas.com/6502/res/Lesson6_11_.png]
[www.chibiakumas.com/6502/res/Lesson6_12.png]
[www.chibiakumas.com/6502/res/Lesson6_13_.png]
[www.chibiakumas.com/6502/index.html]
[www.chibiakumas.com/6502/darkmode.css]
[www.chibiakumas.com/Z80/res/Lesson5_5.html]
[www.chibiakumas.com/Z80/res/Lesson5_6.html]
[www.chibiakumas.com/Z80/res/Lesson5_7.html]
[www.chibiakumas.com/Z80/res/Lesson5_8.html]
